<?xml version="1.0" encoding="utf-8"?><testsuites name="pytest tests"><testsuite name="pytest" errors="0" failures="0" skipped="0" tests="0" time="0.018" timestamp="2025-11-11T23:30:23.967086-06:00" hostname="DESKTOP-4F58DTA" /></testsuites>